// Jest Snapshot v1, https://goo.gl/fbAQLP

exports[`renders correctly 1`] = `"<div class=\\"fixed inset-0 bg-black bg-opacity-80\\" data-testid=\\"base-modal-overlay\\"></div>"`;

exports[`renders correctly 2`] = `"A very very long comment."`;

exports[`renders correctly 3`] = `
Object {
  "id": Any<Number>,
  "publishedAt": Any<Date>,
  "title": "Video Title",
}
`;
